C51 COMPILER V9.54   DS1302                                                                10/13/2022 20:07:44 PAGE 1   


C51 COMPILER V9.54, COMPILATION OF MODULE DS1302
OBJECT MODULE PLACED IN .\Objects\DS1302.obj
COMPILER INVOKED BY: D:\keil\C51\BIN\C51.EXE DS1302.c OPTIMIZE(8,SPEED) BROWSE DEBUG OBJECTEXTEND PRINT(.\Listings\DS130
                    -2.lst) OBJECT(.\Objects\DS1302.obj)

line level    source

   1          #include <REGX52.H>
   2          #include "esp8266.h"
   3          //引脚定义
   4          sbit DS1302_SCLK=P3^6;
   5          sbit DS1302_IO=P3^4;
   6          sbit DS1302_CE=P3^5;
   7          
   8          //寄存器写入地址/指令定义
   9          #define DS1302_SECOND           0x80
  10          #define DS1302_MINUTE           0x82
  11          #define DS1302_HOUR                     0x84
  12          #define DS1302_DATE                     0x86
  13          #define DS1302_MONTH            0x88
  14          #define DS1302_DAY                      0x8A
  15          #define DS1302_YEAR                     0x8C
  16          #define DS1302_WP                       0x8E
  17          
  18          
  19          unsigned char hour;
  20          unsigned char minute;
  21          unsigned char second;
  22          
  23          //时间数组，索引0~6分别为年、月、日、时、分、秒、星期
  24          unsigned char DS1302_Time[]={22,10,13,16,22,53,3};
  25          
  26          /**
  27            * @brief  DS1302初始化
  28            * @param  无
  29            * @retval 无
  30            */
  31          void DS1302_Init(void)
  32          {
  33   1              DS1302_CE=0;
  34   1              DS1302_SCLK=0;
  35   1      }
  36          
  37          /**
  38            * @brief  DS1302写一个字节
  39            * @param  Command 命令字/地址
  40            * @param  Data 要写入的数据
  41            * @retval 无
  42            */
  43          void DS1302_WriteByte(unsigned char Command,Data)
  44          {
  45   1              unsigned char i;
  46   1              DS1302_CE=1;
  47   1              for(i=0;i<8;i++)
  48   1              {
  49   2                      DS1302_IO=Command&(0x01<<i);
  50   2                      DS1302_SCLK=1;
  51   2                      DS1302_SCLK=0;
  52   2              }
  53   1              for(i=0;i<8;i++)
  54   1              {
C51 COMPILER V9.54   DS1302                                                                10/13/2022 20:07:44 PAGE 2   

  55   2                      DS1302_IO=Data&(0x01<<i);
  56   2                      DS1302_SCLK=1;
  57   2                      DS1302_SCLK=0;
  58   2              }
  59   1              DS1302_CE=0;
  60   1      }
  61          
  62          /**
  63            * @brief  DS1302读一个字节
  64            * @param  Command 命令字/地址
  65            * @retval 读出的数据
  66            */
  67          unsigned char DS1302_ReadByte(unsigned char Command)
  68          {
  69   1              unsigned char i,Data=0x00;
  70   1              Command|=0x01;  //将指令转换为读指令
  71   1              DS1302_CE=1;
  72   1              for(i=0;i<8;i++)
  73   1              {
  74   2                      DS1302_IO=Command&(0x01<<i);
  75   2                      DS1302_SCLK=0;
  76   2                      DS1302_SCLK=1;
  77   2              }
  78   1              for(i=0;i<8;i++)
  79   1              {
  80   2                      DS1302_SCLK=1;
  81   2                      DS1302_SCLK=0;
  82   2                      if(DS1302_IO){Data|=(0x01<<i);}
  83   2              }
  84   1              DS1302_CE=0;
  85   1              DS1302_IO=0;    //读取后将IO设置为0，否则读出的数据会出错
  86   1              return Data;
  87   1      }
  88          
  89          /**
  90            * @brief  DS1302设置时间，调用之后，DS1302_Time数组的数字会被设置到DS1302中
  91            * @param  无
  92            * @retval 无
  93            */
  94          void DS1302_SetTime(void)
  95          {
  96   1              DS1302_Time[3]=(Recive_table[9]-'0')*10+(Recive_table[10]-'0')+8;
  97   1              DS1302_Time[4]=(Recive_table[12]-'0')*10+(Recive_table[13]-'0');
  98   1              DS1302_Time[5]=(Recive_table[15]-'0')*10+(Recive_table[16]-'0');
  99   1              DS1302_WriteByte(DS1302_WP,0x00);
 100   1              DS1302_WriteByte(DS1302_YEAR,DS1302_Time[0]/10*16+DS1302_Time[0]%10);//十进制转BCD码后写入
 101   1              DS1302_WriteByte(DS1302_MONTH,DS1302_Time[1]/10*16+DS1302_Time[1]%10);
 102   1              DS1302_WriteByte(DS1302_DATE,DS1302_Time[2]/10*16+DS1302_Time[2]%10);
 103   1              DS1302_WriteByte(DS1302_HOUR,DS1302_Time[3]/10*16+DS1302_Time[3]%10);
 104   1              DS1302_WriteByte(DS1302_MINUTE,DS1302_Time[4]/10*16+DS1302_Time[4]%10);
 105   1              DS1302_WriteByte(DS1302_SECOND,DS1302_Time[5]/10*16+DS1302_Time[5]%10);
 106   1              DS1302_WriteByte(DS1302_DAY,DS1302_Time[6]/10*16+DS1302_Time[6]%10);
 107   1              DS1302_WriteByte(DS1302_WP,0x80);
 108   1      }
 109          
 110          /**
 111            * @brief  DS1302读取时间，调用之后，DS1302中的数据会被读取到DS1302_Time数组中
 112            * @param  无
 113            * @retval 无
 114            */
 115          void DS1302_ReadTime(void)
 116          {
C51 COMPILER V9.54   DS1302                                                                10/13/2022 20:07:44 PAGE 3   

 117   1              unsigned char Temp;
 118   1              Temp=DS1302_ReadByte(DS1302_YEAR);
 119   1              DS1302_Time[0]=Temp/16*10+Temp%16;//BCD码转十进制后读取
 120   1              Temp=DS1302_ReadByte(DS1302_MONTH);
 121   1              DS1302_Time[1]=Temp/16*10+Temp%16;
 122   1              Temp=DS1302_ReadByte(DS1302_DATE);
 123   1              DS1302_Time[2]=Temp/16*10+Temp%16;
 124   1              Temp=DS1302_ReadByte(DS1302_HOUR);
 125   1              DS1302_Time[3]=Temp/16*10+Temp%16;
 126   1              Temp=DS1302_ReadByte(DS1302_MINUTE);
 127   1              DS1302_Time[4]=Temp/16*10+Temp%16;
 128   1              Temp=DS1302_ReadByte(DS1302_SECOND);
 129   1              DS1302_Time[5]=Temp/16*10+Temp%16;
 130   1              Temp=DS1302_ReadByte(DS1302_DAY);
 131   1              DS1302_Time[6]=Temp/16*10+Temp%16;
 132   1      }


MODULE INFORMATION:   STATIC OVERLAYABLE
   CODE SIZE        =    595    ----
   CONSTANT SIZE    =   ----    ----
   XDATA SIZE       =   ----    ----
   PDATA SIZE       =   ----    ----
   DATA SIZE        =     10       2
   IDATA SIZE       =   ----    ----
   BIT SIZE         =   ----    ----
END OF MODULE INFORMATION.


C51 COMPILATION COMPLETE.  0 WARNING(S),  0 ERROR(S)
